[backblue.gif]
[fade.gif]
[index.html]
[ebankpersonas.bancopatagonia.com.ar/eBanking/js/chkPass.js]
[ebankpersonas.bancopatagonia.com.ar/eBanking/js/global.js]
[ebankpersonas.bancopatagonia.com.ar/eBanking/js/login.js]
[ebankpersonas.bancopatagonia.com.ar/eBanking/js/fingerprint/vubrowserfp.min.js]
[ebankpersonas.bancopatagonia.com.ar/eBanking/js/fingerprint/VUFp.js]
[ebankpersonas.bancopatagonia.com.ar/eBanking/dwr/engine.js]
[ebankpersonas.bancopatagonia.com.ar/eBanking/dwr/interface/LoggerAJAX.js]
[ebankpersonas.bancopatagonia.com.ar/eBanking/js/teclado/jquery-3.6.0.min.js]
[ebankpersonas.bancopatagonia.com.ar/eBanking/js/teclado/jquery-ui-personalized-1.5.2.min.js]
[ebankpersonas.bancopatagonia.com.ar/eBanking/js/teclado/jquery-fieldselection.js]
[ebankpersonas.bancopatagonia.com.ar/eBanking/js/teclado/vkeyboard.js]
[ebankpersonas.bancopatagonia.com.ar/eBanking/js/JavaScript-Seal-v1.js]
[ebankpersonas.bancopatagonia.com.ar/eBanking/images/login/imgSeguridad.gif]
[ebankpersonas.bancopatagonia.com.ar/eBanking/images/login/imgAyuda.gif]
[ebankpersonas.bancopatagonia.com.ar/eBanking/images/login/bienvenido.gif]
[ebankpersonas.bancopatagonia.com.ar/eBanking/images/botones/botonIngresarOff.gif]
[ebankpersonas.bancopatagonia.com.ar/eBanking/images/botones/botonIngresar.gif]
[ebankpersonas.bancopatagonia.com.ar/eBanking/images/iconos/tecladoVirtual.png]
[ebankpersonas.bancopatagonia.com.ar/eBanking/images/login/punteadaBlanca.gif]
[ebankpersonas.bancopatagonia.com.ar/eBanking/marketing/NuevaDefault_Fraudes_440x310_1679419854461.jpg]
[ebankpersonas.bancopatagonia.com.ar/eBanking/marketing/NuevaDefault_PatagoniaMovil_297x90_1661196128819.png]
[ebankpersonas.bancopatagonia.com.ar/eBanking/marketing/NuevaDefault_PatagoniaMovil_297x90_2_1661196178179.png]
[ebankpersonas.bancopatagonia.com.ar/eBanking/marketing/NuevaDefault_NuevaDefault_Token_221x167_2_1661361754013.png]
[ebankpersonas.bancopatagonia.com.ar/eBanking/marketing/NuevaDefault_Beneficios_223x167_1661196233804.png]
[ebankpersonas.bancopatagonia.com.ar/eBanking/images/logoPatagoniaPie.gif]
[ebankpersonas.bancopatagonia.com.ar/eBanking/usuarios/login.html]
[ebankpersonas.bancopatagonia.com.ar/eBanking/js/teclado/vkeyboardAdhesion.js]
[ebankpersonas.bancopatagonia.com.ar/eBanking/images/registracion/showpass.png]
[ebankpersonas.bancopatagonia.com.ar/eBanking/images/registracion/hiddenpass.png]
[www.google.com/recaptcha/api.js]
[ebankpersonas.bancopatagonia.com.ar/eBanking/images/registracion/flujos-pantalla1.jpg]
[ebankpersonas.bancopatagonia.com.ar/eBanking/images/iconos/mnsError.gif]
[ebankpersonas.bancopatagonia.com.ar/eBanking/usuarios/adhesion.html]
[ebankpersonas.bancopatagonia.com.ar/eBanking/usuarios/logoutConcurrentPopUp.html]
[ebankpersonas.bancopatagonia.com.ar/eBanking/images/popUp/popupSeparador.gif]
[ebankpersonas.bancopatagonia.com.ar/eBanking/images/popUp/popupCerrar.gif]
[ebankpersonas.bancopatagonia.com.ar/eBanking/usuarios/clausulasLegales.html]
[ebankpersonas.bancopatagonia.com.ar/eBanking/dwr/engine.js]
[ebankpersonas.bancopatagonia.com.ar/eBanking/js/chkPass.js]
[ebankpersonas.bancopatagonia.com.ar/eBanking/js/global.js]
[ebankpersonas.bancopatagonia.com.ar/eBanking/js/fingerprint/vubrowserfp.min.js]
[ebankpersonas.bancopatagonia.com.ar/eBanking/images/botones/botonCentro.gif]
[www.google.com/recaptcha/api.js]
[ebankpersonas.bancopatagonia.com.ar/eBanking/js/teclado/jquery-3.6.0.min.js]
[ebankpersonas.bancopatagonia.com.ar/eBanking/marketing/NuevaDefault_Fraudes_440x310_1679419854461.jpg]
[ebankpersonas.bancopatagonia.com.ar/eBanking/images/errores/ErrorEBP.gif]
[ebankpersonas.bancopatagonia.com.ar/eBanking/images/login/Encabezado.gif]
[ebankpersonas.bancopatagonia.com.ar/eBanking/images/errores/lineaPuntos.gif]
[ebankpersonas.bancopatagonia.com.ar/eBanking/images/errores/ErrorDown.gif]
[ebankpersonas.bancopatagonia.com.ar/eBanking/images/otros/punteada.gif]
[ebankpersonas.bancopatagonia.com.ar/eBanking/images/terminosCondiciones/imgTerminos.gif]
[ebankpersonas.bancopatagonia.com.ar/eBanking/images/HeaderLogoEbank.gif]
[ebankpersonas.bancopatagonia.com.ar/eBanking/images/HeaderLogoPatagonia.gif]
[ebankpersonas.bancopatagonia.com.ar/eBanking/images/navegacion/nav1.gif]
[ebankpersonas.bancopatagonia.com.ar/eBanking/images/errores/mnsError.gif]
[ebankpersonas.bancopatagonia.com.ar/eBanking/images/displaytag/fondoPie.gif]
[ebankpersonas.bancopatagonia.com.ar/eBanking/images/login/certi.gif]
[ebankpersonas.bancopatagonia.com.ar/eBanking/images/PatagoniaHB_CierreFinalLOGOUT.jpg]
[ebankpersonas.bancopatagonia.com.ar/eBanking/styles/loginNuevo.css]
[ebankpersonas.bancopatagonia.com.ar/eBanking/images/botones/botonIz.gif]
[ebankpersonas.bancopatagonia.com.ar/eBanking/images/botones/botonDer.gif]
[ebankpersonas.bancopatagonia.com.ar/eBanking/styles/botonesLogin.css]
[ebankpersonas.bancopatagonia.com.ar/eBanking/images/navegacion/bullet_mkt.gif]
[ebankpersonas.bancopatagonia.com.ar/eBanking/images/bullet.gif]
[ebankpersonas.bancopatagonia.com.ar/eBanking/images/displaytag/tabla4.gif]
[ebankpersonas.bancopatagonia.com.ar/eBanking/images/navegacion/nav2.gif]
[ebankpersonas.bancopatagonia.com.ar/eBanking/images/navegacion/nav5.gif]
[ebankpersonas.bancopatagonia.com.ar/eBanking/images/navegacion/nav11.gif]
[ebankpersonas.bancopatagonia.com.ar/eBanking/images/navegacion/nav10.gif]
[ebankpersonas.bancopatagonia.com.ar/eBanking/images/navegacion/nav12.gif]
[ebankpersonas.bancopatagonia.com.ar/eBanking/images/navegacion/nav6.gif]
[ebankpersonas.bancopatagonia.com.ar/eBanking/images/navegacion/nav3.gif]
[ebankpersonas.bancopatagonia.com.ar/eBanking/images/navegacion/nav7.gif]
[ebankpersonas.bancopatagonia.com.ar/eBanking/images/displaytag/fondoSubnav.gif]
[ebankpersonas.bancopatagonia.com.ar/eBanking/images/displaytag/tabla2.gif]
[ebankpersonas.bancopatagonia.com.ar/eBanking/images/clubPatagonia/ahorros.gif]
[ebankpersonas.bancopatagonia.com.ar/eBanking/images/clubPatagonia/imgCentralClub.gif]
[ebankpersonas.bancopatagonia.com.ar/eBanking/images/clubPatagonia/imgCentralClubSuscripto.gif]
[ebankpersonas.bancopatagonia.com.ar/eBanking/images/clubPatagonia/imgCentralNoSuscripto.gif]
[ebankpersonas.bancopatagonia.com.ar/eBanking/images/clubPatagonia/promociones.gif]
[ebankpersonas.bancopatagonia.com.ar/eBanking/images/mobilebanking/beneficiosMobile.gif]
[ebankpersonas.bancopatagonia.com.ar/eBanking/images/mobilebanking/ayudaMobile.gif]
[ebankpersonas.bancopatagonia.com.ar/eBanking/images/otros/imgAyuda.gif]
[ebankpersonas.bancopatagonia.com.ar/eBanking/images/otros/fondoAyuda.gif]
[ebankpersonas.bancopatagonia.com.ar/eBanking/images/pagostransferencias/imgPagoMisCuentas.gif]
[ebankpersonas.bancopatagonia.com.ar/eBanking/images/mobilebanking/imgCentralMobile.jpg]
[ebankpersonas.bancopatagonia.com.ar/eBanking/images/imgTransf.gif]
[ebankpersonas.bancopatagonia.com.ar/eBanking/images/pagostransferencias/imgTransfB.gif]
[ebankpersonas.bancopatagonia.com.ar/eBanking/images/imgTarjetas.gif]
[ebankpersonas.bancopatagonia.com.ar/eBanking/images/otros/seguros.gif]
[ebankpersonas.bancopatagonia.com.ar/eBanking/images/pagostransferencias/headerPago.gif]
[ebankpersonas.bancopatagonia.com.ar/eBanking/images/pagostransferencias/headerConsulta.gif]
[ebankpersonas.bancopatagonia.com.ar/eBanking/images/iconos/mnsInfo.gif]
[ebankpersonas.bancopatagonia.com.ar/eBanking/images/iconos/mnsAlerta.gif]
[ebankpersonas.bancopatagonia.com.ar/eBanking/images/fondoEjecutando.gif]
[ebankpersonas.bancopatagonia.com.ar/eBanking/images/ejecutandoAni.gif]
[ebankpersonas.bancopatagonia.com.ar/eBanking/images/resumenelectronico/header.gif]
[ebankpersonas.bancopatagonia.com.ar/eBanking/images/resumenelectronico/iconoSobre.gif]
[ebankpersonas.bancopatagonia.com.ar/eBanking/images/fueraServicio/salir.gif]
[ebankpersonas.bancopatagonia.com.ar/eBanking/images/fueraServicio/imgFS.jpg]
[ebankpersonas.bancopatagonia.com.ar/eBanking/images/fueraServicio/imgFSExterno.jpg]
[ebankpersonas.bancopatagonia.com.ar/eBanking/images/recargaCelular/recarga.png]
[ebankpersonas.bancopatagonia.com.ar/eBanking/images/displaytag/finalTabla.gif]
[ebankpersonas.bancopatagonia.com.ar/eBanking/styles/global.css]
[ebankpersonas.bancopatagonia.com.ar/eBanking/images/tecladoVirtual/enter.gif]
[ebankpersonas.bancopatagonia.com.ar/eBanking/images/tecladoVirtual/shift.gif]
[ebankpersonas.bancopatagonia.com.ar/eBanking/images/tecladoVirtual/back.gif]
[ebankpersonas.bancopatagonia.com.ar/eBanking/images/tecladoVirtual/tecla.gif]
[ebankpersonas.bancopatagonia.com.ar/eBanking/styles/vkey.css]
[ebankpersonas.bancopatagonia.com.ar/eBanking/styles/vkeyAdhesion.css]
[ebankpersonas.bancopatagonia.com.ar/eBanking/images/registracion/registracionCajaSeg.gif]
[ebankpersonas.bancopatagonia.com.ar/eBanking/styles/adhesion.css]
[ebankpersonas.bancopatagonia.com.ar/eBanking/images/errores/ErrorTop.gif]
[ebankpersonas.bancopatagonia.com.ar/eBanking/images/errores/ErrorInternobarra.gif]
[ebankpersonas.bancopatagonia.com.ar/eBanking/images/errores/ErrorInternoBP.gif]
[ebankpersonas.bancopatagonia.com.ar/eBanking/styles/errors.css]
[ebankpersonas.bancopatagonia.com.ar/eBanking/styles/logout.css]
[ebankpersonas.bancopatagonia.com.ar/eBanking/images/fondoGral.gif]
[ebankpersonas.bancopatagonia.com.ar/eBanking/images/popUp/popupFondoHeader.gif]
[ebankpersonas.bancopatagonia.com.ar/eBanking/images/popUp/popupFondoBarraGris.gif]
[ebankpersonas.bancopatagonia.com.ar/eBanking/images/popUp/popupLogo.gif]
[ebankpersonas.bancopatagonia.com.ar/eBanking/styles/globalPopUp.css]
[ebankpersonas.bancopatagonia.com.ar/eBanking/styles/${ctx}/images/iconos/mnsError.html]
